[17:08:44] [ServerMain/INFO]: [bootstrap] Running Java 25 (OpenJDK 64-Bit Server VM 25.0.3+9-2-24.04.2-Ubuntu; Ubuntu null) on Linux 7.0.0-28-generic (amd64)
[17:08:44] [ServerMain/INFO]: [bootstrap] Loading Paper 26.2-84-main@26e81c4 (2026-07-26T18:11:33Z) for Minecraft 26.2
[17:08:44] [ServerMain/INFO]: [PluginInitializerManager] Initializing plugins...
[17:08:45] [ServerMain/INFO]: [PluginInitializerManager] Initialized 4 plugins
[17:08:45] [ServerMain/INFO]: [PluginInitializerManager] Bukkit plugins (4):
 - CustomStructures (1.9.1), Geyser-Spigot (2.11.0-SNAPSHOT), MythicMobs (5.13.0-aad3f1c9), WorldEdit (7.4.4+7546-f9e033f)
[17:08:48] [DataConverter MCTypeRegistry init thread/INFO]: [ca.spottedleaf.dataconverter.minecraft.datatypes.MCTypeRegistry] Initialising converters for DataConverter...
[17:08:48] [ServerMain/INFO]: Environment: Environment[sessionHost=https://sessionserver.mojang.com, servicesHost=https://api.minecraftservices.com, profilesHost=https://api.mojang.com, name=PROD]
[17:08:48] [DataConverter MCTypeRegistry init thread/INFO]: [ca.spottedleaf.dataconverter.minecraft.datatypes.MCTypeRegistry] Finished initialising converters for DataConverter in 380,6ms
[17:08:48] [ServerMain/ERROR]: Failed to start the minecraft server
net.minecraft.util.DirectoryLock$LockException: /home/samuel/Documentos/server-mine/server/./world/session.lock: already locked (possibly by other Minecraft instance?)
	at net.minecraft.util.DirectoryLock$LockException.alreadyLocked(DirectoryLock.java:94) ~[paper-26.2.jar:26.2-84-26e81c4]
	at net.minecraft.util.DirectoryLock.create(DirectoryLock.java:29) ~[paper-26.2.jar:26.2-84-26e81c4]
	at net.minecraft.world.level.storage.LevelStorageSource$LevelStorageAccess.createLock(LevelStorageSource.java:472) ~[paper-26.2.jar:26.2-84-26e81c4]
	at net.minecraft.world.level.storage.LevelStorageSource$LevelStorageAccess.<init>(LevelStorageSource.java:468) ~[paper-26.2.jar:26.2-84-26e81c4]
	at net.minecraft.world.level.storage.LevelStorageSource.validateAndCreateAccess(LevelStorageSource.java:401) ~[paper-26.2.jar:26.2-84-26e81c4]
	at net.minecraft.server.Main.main(Main.java:198) ~[paper-26.2.jar:26.2-84-26e81c4]
	at io.papermc.paper.PaperBootstrap.boot(PaperBootstrap.java:25) ~[paper-26.2.jar:26.2-84-26e81c4]
	at org.bukkit.craftbukkit.Main.main(Main.java:204) ~[paper-26.2.jar:26.2-84-26e81c4]
	at io.papermc.paperclip.Paperclip.lambda$main$0(Paperclip.java:42) ~[?:?]
	at java.base/java.lang.Thread.run(Thread.java:1474) ~[?:?]
